Copyright 1986-2022 Xilinx, Inc. All Rights Reserved. Copyright 2022-2024 Advanced Micro Devices, Inc. All Rights Reserved.
--------------------------------------------------------------------------------------------------------------------------------------------------------------------------------------
| Tool Version : Vivado v.2024.2 (lin64) Build 5239630 Fri Nov 08 22:34:34 MST 2024
| Date         : Mon May 18 11:28:42 2026
| Host         : user18-H410M-HD3P running 64-bit Ubuntu 24.04.4 LTS
| Command      : report_methodology -file design_1_wrapper_methodology_drc_routed.rpt -pb design_1_wrapper_methodology_drc_routed.pb -rpx design_1_wrapper_methodology_drc_routed.rpx
| Design       : design_1_wrapper
| Device       : xc7a35tcpg236-1
| Speed File   : -1
| Design State : Fully Routed
--------------------------------------------------------------------------------------------------------------------------------------------------------------------------------------

Report Methodology

Table of Contents
-----------------
1. REPORT SUMMARY
2. REPORT DETAILS

1. REPORT SUMMARY
-----------------
            Netlist: netlist
          Floorplan: design_1
      Design limits: <entire design considered>
             Max checks: <unlimited>
             Checks found: 35
+-----------+----------+-------------------------------+--------+
| Rule      | Severity | Description                   | Checks |
+-----------+----------+-------------------------------+--------+
| LUTAR-1   | Warning  | LUT drives async reset alert  | 2      |
| TIMING-9  | Warning  | Unknown CDC Logic             | 1      |
| TIMING-16 | Warning  | Large setup violation         | 21     |
| TIMING-18 | Warning  | Missing input or output delay | 11     |
+-----------+----------+-------------------------------+--------+

2. REPORT DETAILS
-----------------
LUTAR-1#1 Warning
LUT drives async reset alert  
LUT cell design_1_i/microblaze_riscv_0/U0/riscv_core_I/Base.Core/Decode_I/Serial_Dbg_Intf.abstractcs_busy_rst_i_i_1, with 2 or more inputs, drives asynchronous preset/clear pin(s) design_1_i/microblaze_riscv_0/U0/riscv_core_I/Base.Core/Use_Debug_Logic.Master_Core.Debug_Perf/Serial_Dbg_Intf.abstractcs_busy_reg/CLR. The LUT may glitch and trigger an unexpected reset, even if it is a properly timed path.
Related violations: <none>

LUTAR-1#2 Warning
LUT drives async reset alert  
LUT cell design_1_i/microblaze_riscv_0/U0/riscv_core_I/Base.Core/Use_Debug_Logic.Master_Core.Debug_Perf/Serial_Dbg_Intf.resume_rst_i_i_1, with 2 or more inputs, drives asynchronous preset/clear pin(s) design_1_i/microblaze_riscv_0/U0/riscv_core_I/Base.Core/Use_Debug_Logic.Master_Core.Debug_Perf/Serial_Dbg_Intf.resumeack_reg/PRE. The LUT may glitch and trigger an unexpected reset, even if it is a properly timed path.
Related violations: <none>

TIMING-9#1 Warning
Unknown CDC Logic  
One or more asynchronous Clock Domain Crossing has been detected between 2 clock domains through a set_false_path or a set_clock_groups or set_max_delay -datapath_only constraint but no double-registers logic synchronizer has been found on the side of the capture clock. It is recommended to run report_cdc for a complete and detailed CDC coverage. Please consider using XPM_CDC to avoid Critical severities
Related violations: <none>

TIMING-16#1 Warning
Large setup violation  
There is a large setup violation of -1.242 ns between design_1_i/dotmatrix_ip_0/inst/dotmatrix_ip_slave_lite_v1_0_S00_AXI_inst/slv_reg3_reg[5]/C (clocked by clk_out1_design_1_clk_wiz_0) and design_1_i/dotmatrix_ip_0/inst/dotmatrix_ip_slave_lite_v1_0_S00_AXI_inst/cntr/tx_shift_reg[16]/D (clocked by clk_out1_design_1_clk_wiz_0). Large setup violations at the end of those stages might be difficult to fix during the post-placement implementation flow and could be the result of non-optimal XDC constraints or non-optimal design architecture
Related violations: <none>

TIMING-16#2 Warning
Large setup violation  
There is a large setup violation of -2.146 ns between design_1_i/dotmatrix_ip_0/inst/dotmatrix_ip_slave_lite_v1_0_S00_AXI_inst/slv_reg3_reg[7]/C (clocked by clk_out1_design_1_clk_wiz_0) and design_1_i/dotmatrix_ip_0/inst/dotmatrix_ip_slave_lite_v1_0_S00_AXI_inst/cntr/tx_shift_reg[48]/D (clocked by clk_out1_design_1_clk_wiz_0). Large setup violations at the end of those stages might be difficult to fix during the post-placement implementation flow and could be the result of non-optimal XDC constraints or non-optimal design architecture
Related violations: <none>

TIMING-16#3 Warning
Large setup violation  
There is a large setup violation of -2.592 ns between design_1_i/dotmatrix_ip_0/inst/dotmatrix_ip_slave_lite_v1_0_S00_AXI_inst/slv_reg3_reg[7]/C (clocked by clk_out1_design_1_clk_wiz_0) and design_1_i/dotmatrix_ip_0/inst/dotmatrix_ip_slave_lite_v1_0_S00_AXI_inst/cntr/tx_shift_reg[54]/D (clocked by clk_out1_design_1_clk_wiz_0). Large setup violations at the end of those stages might be difficult to fix during the post-placement implementation flow and could be the result of non-optimal XDC constraints or non-optimal design architecture
Related violations: <none>

TIMING-16#4 Warning
Large setup violation  
There is a large setup violation of -2.646 ns between design_1_i/dotmatrix_ip_0/inst/dotmatrix_ip_slave_lite_v1_0_S00_AXI_inst/slv_reg3_reg[5]/C (clocked by clk_out1_design_1_clk_wiz_0) and design_1_i/dotmatrix_ip_0/inst/dotmatrix_ip_slave_lite_v1_0_S00_AXI_inst/cntr/tx_shift_reg[18]/D (clocked by clk_out1_design_1_clk_wiz_0). Large setup violations at the end of those stages might be difficult to fix during the post-placement implementation flow and could be the result of non-optimal XDC constraints or non-optimal design architecture
Related violations: <none>

TIMING-16#5 Warning
Large setup violation  
There is a large setup violation of -2.659 ns between design_1_i/dotmatrix_ip_0/inst/dotmatrix_ip_slave_lite_v1_0_S00_AXI_inst/slv_reg3_reg[5]/C (clocked by clk_out1_design_1_clk_wiz_0) and design_1_i/dotmatrix_ip_0/inst/dotmatrix_ip_slave_lite_v1_0_S00_AXI_inst/cntr/tx_shift_reg[22]/D (clocked by clk_out1_design_1_clk_wiz_0). Large setup violations at the end of those stages might be difficult to fix during the post-placement implementation flow and could be the result of non-optimal XDC constraints or non-optimal design architecture
Related violations: <none>

TIMING-16#6 Warning
Large setup violation  
There is a large setup violation of -2.774 ns between design_1_i/dotmatrix_ip_0/inst/dotmatrix_ip_slave_lite_v1_0_S00_AXI_inst/slv_reg3_reg[7]/C (clocked by clk_out1_design_1_clk_wiz_0) and design_1_i/dotmatrix_ip_0/inst/dotmatrix_ip_slave_lite_v1_0_S00_AXI_inst/cntr/tx_shift_reg[53]/D (clocked by clk_out1_design_1_clk_wiz_0). Large setup violations at the end of those stages might be difficult to fix during the post-placement implementation flow and could be the result of non-optimal XDC constraints or non-optimal design architecture
Related violations: <none>

TIMING-16#7 Warning
Large setup violation  
There is a large setup violation of -2.906 ns between design_1_i/dotmatrix_ip_0/inst/dotmatrix_ip_slave_lite_v1_0_S00_AXI_inst/slv_reg3_reg[5]/C (clocked by clk_out1_design_1_clk_wiz_0) and design_1_i/dotmatrix_ip_0/inst/dotmatrix_ip_slave_lite_v1_0_S00_AXI_inst/cntr/tx_shift_reg[21]/D (clocked by clk_out1_design_1_clk_wiz_0). Large setup violations at the end of those stages might be difficult to fix during the post-placement implementation flow and could be the result of non-optimal XDC constraints or non-optimal design architecture
Related violations: <none>

TIMING-16#8 Warning
Large setup violation  
There is a large setup violation of -2.932 ns between design_1_i/dotmatrix_ip_0/inst/dotmatrix_ip_slave_lite_v1_0_S00_AXI_inst/slv_reg3_reg[7]/C (clocked by clk_out1_design_1_clk_wiz_0) and design_1_i/dotmatrix_ip_0/inst/dotmatrix_ip_slave_lite_v1_0_S00_AXI_inst/cntr/tx_shift_reg[50]/D (clocked by clk_out1_design_1_clk_wiz_0). Large setup violations at the end of those stages might be difficult to fix during the post-placement implementation flow and could be the result of non-optimal XDC constraints or non-optimal design architecture
Related violations: <none>

TIMING-16#9 Warning
Large setup violation  
There is a large setup violation of -2.993 ns between design_1_i/dotmatrix_ip_0/inst/dotmatrix_ip_slave_lite_v1_0_S00_AXI_inst/slv_reg3_reg[7]/C (clocked by clk_out1_design_1_clk_wiz_0) and design_1_i/dotmatrix_ip_0/inst/dotmatrix_ip_slave_lite_v1_0_S00_AXI_inst/cntr/tx_shift_reg[52]/D (clocked by clk_out1_design_1_clk_wiz_0). Large setup violations at the end of those stages might be difficult to fix during the post-placement implementation flow and could be the result of non-optimal XDC constraints or non-optimal design architecture
Related violations: <none>

TIMING-16#10 Warning
Large setup violation  
There is a large setup violation of -2.998 ns between design_1_i/dotmatrix_ip_0/inst/dotmatrix_ip_slave_lite_v1_0_S00_AXI_inst/slv_reg3_reg[7]/C (clocked by clk_out1_design_1_clk_wiz_0) and design_1_i/dotmatrix_ip_0/inst/dotmatrix_ip_slave_lite_v1_0_S00_AXI_inst/cntr/tx_shift_reg[51]/D (clocked by clk_out1_design_1_clk_wiz_0). Large setup violations at the end of those stages might be difficult to fix during the post-placement implementation flow and could be the result of non-optimal XDC constraints or non-optimal design architecture
Related violations: <none>

TIMING-16#11 Warning
Large setup violation  
There is a large setup violation of -3.023 ns between design_1_i/dotmatrix_ip_0/inst/dotmatrix_ip_slave_lite_v1_0_S00_AXI_inst/slv_reg3_reg[5]/C (clocked by clk_out1_design_1_clk_wiz_0) and design_1_i/dotmatrix_ip_0/inst/dotmatrix_ip_slave_lite_v1_0_S00_AXI_inst/cntr/tx_shift_reg[20]/D (clocked by clk_out1_design_1_clk_wiz_0). Large setup violations at the end of those stages might be difficult to fix during the post-placement implementation flow and could be the result of non-optimal XDC constraints or non-optimal design architecture
Related violations: <none>

TIMING-16#12 Warning
Large setup violation  
There is a large setup violation of -3.171 ns between design_1_i/dotmatrix_ip_0/inst/dotmatrix_ip_slave_lite_v1_0_S00_AXI_inst/slv_reg3_reg[5]/C (clocked by clk_out1_design_1_clk_wiz_0) and design_1_i/dotmatrix_ip_0/inst/dotmatrix_ip_slave_lite_v1_0_S00_AXI_inst/cntr/tx_shift_reg[17]/D (clocked by clk_out1_design_1_clk_wiz_0). Large setup violations at the end of those stages might be difficult to fix during the post-placement implementation flow and could be the result of non-optimal XDC constraints or non-optimal design architecture
Related violations: <none>

TIMING-16#13 Warning
Large setup violation  
There is a large setup violation of -3.306 ns between design_1_i/dotmatrix_ip_0/inst/dotmatrix_ip_slave_lite_v1_0_S00_AXI_inst/slv_reg3_reg[5]/C (clocked by clk_out1_design_1_clk_wiz_0) and design_1_i/dotmatrix_ip_0/inst/dotmatrix_ip_slave_lite_v1_0_S00_AXI_inst/cntr/tx_shift_reg[19]/D (clocked by clk_out1_design_1_clk_wiz_0). Large setup violations at the end of those stages might be difficult to fix during the post-placement implementation flow and could be the result of non-optimal XDC constraints or non-optimal design architecture
Related violations: <none>

TIMING-16#14 Warning
Large setup violation  
There is a large setup violation of -3.420 ns between design_1_i/dotmatrix_ip_0/inst/dotmatrix_ip_slave_lite_v1_0_S00_AXI_inst/slv_reg3_reg[7]/C (clocked by clk_out1_design_1_clk_wiz_0) and design_1_i/dotmatrix_ip_0/inst/dotmatrix_ip_slave_lite_v1_0_S00_AXI_inst/cntr/tx_shift_reg[49]/D (clocked by clk_out1_design_1_clk_wiz_0). Large setup violations at the end of those stages might be difficult to fix during the post-placement implementation flow and could be the result of non-optimal XDC constraints or non-optimal design architecture
Related violations: <none>

TIMING-16#15 Warning
Large setup violation  
There is a large setup violation of -4.191 ns between design_1_i/dotmatrix_ip_0/inst/dotmatrix_ip_slave_lite_v1_0_S00_AXI_inst/slv_reg3_reg[6]/C (clocked by clk_out1_design_1_clk_wiz_0) and design_1_i/dotmatrix_ip_0/inst/dotmatrix_ip_slave_lite_v1_0_S00_AXI_inst/cntr/tx_shift_reg[32]/D (clocked by clk_out1_design_1_clk_wiz_0). Large setup violations at the end of those stages might be difficult to fix during the post-placement implementation flow and could be the result of non-optimal XDC constraints or non-optimal design architecture
Related violations: <none>

TIMING-16#16 Warning
Large setup violation  
There is a large setup violation of -4.308 ns between design_1_i/dotmatrix_ip_0/inst/dotmatrix_ip_slave_lite_v1_0_S00_AXI_inst/slv_reg3_reg[6]/C (clocked by clk_out1_design_1_clk_wiz_0) and design_1_i/dotmatrix_ip_0/inst/dotmatrix_ip_slave_lite_v1_0_S00_AXI_inst/cntr/tx_shift_reg[36]/D (clocked by clk_out1_design_1_clk_wiz_0). Large setup violations at the end of those stages might be difficult to fix during the post-placement implementation flow and could be the result of non-optimal XDC constraints or non-optimal design architecture
Related violations: <none>

TIMING-16#17 Warning
Large setup violation  
There is a large setup violation of -4.354 ns between design_1_i/dotmatrix_ip_0/inst/dotmatrix_ip_slave_lite_v1_0_S00_AXI_inst/slv_reg3_reg[6]/C (clocked by clk_out1_design_1_clk_wiz_0) and design_1_i/dotmatrix_ip_0/inst/dotmatrix_ip_slave_lite_v1_0_S00_AXI_inst/cntr/tx_shift_reg[35]/D (clocked by clk_out1_design_1_clk_wiz_0). Large setup violations at the end of those stages might be difficult to fix during the post-placement implementation flow and could be the result of non-optimal XDC constraints or non-optimal design architecture
Related violations: <none>

TIMING-16#18 Warning
Large setup violation  
There is a large setup violation of -4.371 ns between design_1_i/dotmatrix_ip_0/inst/dotmatrix_ip_slave_lite_v1_0_S00_AXI_inst/slv_reg3_reg[6]/C (clocked by clk_out1_design_1_clk_wiz_0) and design_1_i/dotmatrix_ip_0/inst/dotmatrix_ip_slave_lite_v1_0_S00_AXI_inst/cntr/tx_shift_reg[34]/D (clocked by clk_out1_design_1_clk_wiz_0). Large setup violations at the end of those stages might be difficult to fix during the post-placement implementation flow and could be the result of non-optimal XDC constraints or non-optimal design architecture
Related violations: <none>

TIMING-16#19 Warning
Large setup violation  
There is a large setup violation of -4.628 ns between design_1_i/dotmatrix_ip_0/inst/dotmatrix_ip_slave_lite_v1_0_S00_AXI_inst/slv_reg3_reg[6]/C (clocked by clk_out1_design_1_clk_wiz_0) and design_1_i/dotmatrix_ip_0/inst/dotmatrix_ip_slave_lite_v1_0_S00_AXI_inst/cntr/tx_shift_reg[37]/D (clocked by clk_out1_design_1_clk_wiz_0). Large setup violations at the end of those stages might be difficult to fix during the post-placement implementation flow and could be the result of non-optimal XDC constraints or non-optimal design architecture
Related violations: <none>

TIMING-16#20 Warning
Large setup violation  
There is a large setup violation of -4.637 ns between design_1_i/dotmatrix_ip_0/inst/dotmatrix_ip_slave_lite_v1_0_S00_AXI_inst/slv_reg3_reg[6]/C (clocked by clk_out1_design_1_clk_wiz_0) and design_1_i/dotmatrix_ip_0/inst/dotmatrix_ip_slave_lite_v1_0_S00_AXI_inst/cntr/tx_shift_reg[38]/D (clocked by clk_out1_design_1_clk_wiz_0). Large setup violations at the end of those stages might be difficult to fix during the post-placement implementation flow and could be the result of non-optimal XDC constraints or non-optimal design architecture
Related violations: <none>

TIMING-16#21 Warning
Large setup violation  
There is a large setup violation of -4.814 ns between design_1_i/dotmatrix_ip_0/inst/dotmatrix_ip_slave_lite_v1_0_S00_AXI_inst/slv_reg3_reg[6]/C (clocked by clk_out1_design_1_clk_wiz_0) and design_1_i/dotmatrix_ip_0/inst/dotmatrix_ip_slave_lite_v1_0_S00_AXI_inst/cntr/tx_shift_reg[33]/D (clocked by clk_out1_design_1_clk_wiz_0). Large setup violations at the end of those stages might be difficult to fix during the post-placement implementation flow and could be the result of non-optimal XDC constraints or non-optimal design architecture
Related violations: <none>

TIMING-18#1 Warning
Missing input or output delay  
An input delay is missing on reset relative to the rising and/or falling clock edge(s) of sys_clock.
Related violations: <none>

TIMING-18#2 Warning
Missing input or output delay  
An input delay is missing on sda_0 relative to the rising and/or falling clock edge(s) of sys_clock.
Related violations: <none>

TIMING-18#3 Warning
Missing input or output delay  
An input delay is missing on uart_rx_0 relative to the rising and/or falling clock edge(s) of sys_clock.
Related violations: <none>

TIMING-18#4 Warning
Missing input or output delay  
An input delay is missing on usb_uart_rxd relative to the rising and/or falling clock edge(s) of sys_clock.
Related violations: <none>

TIMING-18#5 Warning
Missing input or output delay  
An output delay is missing on max_cs_0 relative to the rising and/or falling clock edge(s) of sys_clock.
Related violations: <none>

TIMING-18#6 Warning
Missing input or output delay  
An output delay is missing on max_csk_0 relative to the rising and/or falling clock edge(s) of sys_clock.
Related violations: <none>

TIMING-18#7 Warning
Missing input or output delay  
An output delay is missing on max_din_0 relative to the rising and/or falling clock edge(s) of sys_clock.
Related violations: <none>

TIMING-18#8 Warning
Missing input or output delay  
An output delay is missing on scl_0 relative to the rising and/or falling clock edge(s) of sys_clock.
Related violations: <none>

TIMING-18#9 Warning
Missing input or output delay  
An output delay is missing on sda_0 relative to the rising and/or falling clock edge(s) of sys_clock.
Related violations: <none>

TIMING-18#10 Warning
Missing input or output delay  
An output delay is missing on uart_tx_0 relative to the rising and/or falling clock edge(s) of sys_clock.
Related violations: <none>

TIMING-18#11 Warning
Missing input or output delay  
An output delay is missing on usb_uart_txd relative to the rising and/or falling clock edge(s) of sys_clock.
Related violations: <none>


